---
source: crates/coach/tests/engine_pass.rs
expression: "format!(\"{}\\nkeys: {:?}\\naccuracy: {w:.1} / {b:.1}\", table(&pass.moves), keys)"
---
  1 e4      Book        Cp(27)
  2 e5      Book        Cp(39)
  3 Nf3     Book        Cp(28)
  4 d6      Book        Cp(53)
  5 d4      Book        Cp(60)
  6 Bg4     Book        Cp(101)
  7 dxe5    Book        Cp(97)
  8 Bxf3    Inaccuracy  Cp(204)
  9 Qxf3    Best        Cp(189)
 10 dxe5    Best        Cp(188)
 11 Bc4     Good        Cp(130)
 12 Nf6     Mistake     Cp(274)
 13 Qb3     Best        Cp(276)
 14 Qe7     Good        Cp(331)
 15 Nc3     Inaccuracy  Cp(240)
 16 c6      Best        Cp(273)
 17 Bg5     Best        Cp(281)
 18 b5      Mistake     Cp(504)
 19 Nxb5    Best        Cp(484)
 20 cxb5    Good        Cp(603)
 21 Bxb5+   Best        Cp(699)
 22 Nbd7    Excellent   Cp(727)
 23 O-O-O   Best        Cp(727)
 24 Rd8     Excellent   Cp(684)
 25 Rxd7    Best        Cp(792)
 26 Rxd7    Best        Cp(835)
 27 Rd1     Best        Cp(838)
 28 Qe6     Good        Cp(918)
 29 Bxd7+   Best        Cp(1034)
 30 Nxd7    Inaccuracy  Mate(2)
 31 Qb8+    Best        Mate(1)
 32 Nxb8    Best        Mate(1)
 33 Rd8#    Best        Mate(1)
keys: [8, 12, 15, 18]
accuracy: 95.9 / 80.8
