---
source: crates/coach/tests/engine_pass.rs
expression: table(&pass.moves)
---
  1 e4      Book        Cp(27)
  2 d6      Book        Cp(52)
  3 d4      Book        Cp(55)
  4 Nf6     Book        Cp(50)
  5 Nc3     Book        Cp(50)
  6 g6      Book        Cp(68)
  7 Be3     Book        Cp(75)
  8 Bg7     Best        Cp(73)
  9 Qd2     Best        Cp(79)
 10 c6      Excellent   Cp(76)
 11 f3      Good        Cp(37)
 12 b5      Best        Cp(50)
 13 Nge2    Excellent   Cp(49)
 14 Nbd7    Excellent   Cp(33)
 15 Bh6     Best        Cp(38)
 16 Bxh6    Best        Cp(28)
 17 Qxh6    Best        Cp(31)
 18 Bb7     Excellent   Cp(18)
 19 a3      Excellent   Cp(12)
 20 e5      Good        Cp(42)
 21 O-O-O   Good        Cp(18)
 22 Qe7     Best        Cp(20)
 23 Kb1     Best        Cp(33)
 24 a6      Good        Cp(61)
 25 Nc1     Good        Cp(26)
 26 O-O-O   Good        Cp(56)
 27 Nb3     Good        Cp(28)
 28 exd4    Best        Cp(16)
 29 Rxd4    Best        Cp(23)
 30 c5      Excellent   Cp(25)
 31 Rd1     Best        Cp(27)
 32 Nb6     Best        Cp(41)
 33 g3      Good        Cp(4)
 34 Kb8     Good        Cp(32)
 35 Na5     Good        Cp(-22)
 36 Ba8     Best        Cp(-1)
 37 Bh3     Good        Cp(-45)
 38 d5      Best        Cp(-50)
 39 Qf4+    Excellent   Cp(-31)
 40 Ka7     Best        Cp(-31)
 41 Rhe1    Best        Cp(-31)
 42 d4      Best        Cp(-31)
 43 Nd5     Best        Cp(-31)
 44 Nbxd5   Best        Cp(-31)
 45 exd5    Best        Cp(-31)
 46 Qd6     Best        Cp(-24)
 47 Rxd4    Best        Cp(-43)
 48 cxd4    Blunder     Cp(167)
 49 Re7+    Inaccuracy  Cp(94)
 50 Kb6     Best        Cp(87)
 51 Qxd4+   Best        Cp(81)
 52 Kxa5    Best        Cp(59)
 53 b4+     Best        Cp(84)
 54 Ka4     Best        Cp(131)
 55 Qc3     Best        Cp(161)
 56 Qxd5    Best        Cp(161)
 57 Ra7     Best        Cp(118)
 58 Bb7     Best        Cp(132)
 59 Rxb7    Best        Cp(131)
 60 Qc4     Best        Cp(131)
 61 Qxf6    Best        Cp(131)
 62 Kxa3    Mistake     Cp(255)
 63 Qxa6+   Best        Cp(323)
 64 Kxb4    Best        Cp(360)
 65 c3+     Best        Cp(378)
 66 Kxc3    Best        Cp(331)
 67 Qa1+    Best        Cp(343)
 68 Kd2     Best        Cp(353)
 69 Qb2+    Best        Cp(353)
 70 Kd1     Best        Cp(353)
 71 Bf1     Best        Cp(344)
 72 Rd2     Good        Cp(376)
 73 Rd7     Best        Cp(376)
 74 Rxd7    Best        Cp(368)
 75 Bxc4    Best        Cp(365)
 76 bxc4    Best        Cp(338)
 77 Qxh8    Best        Cp(322)
 78 Rd3     Best        Cp(325)
 79 Qa8     Excellent   Cp(312)
 80 c3      Inaccuracy  Cp(475)
 81 Qa4+    Best        Cp(465)
 82 Ke1     Excellent   Cp(468)
 83 f4      Best        Cp(468)
 84 f5      Good        Cp(542)
 85 Kc1     Best        Cp(542)
 86 Rd2     Excellent   Cp(559)
 87 Qa7     Best        Cp(532)
